// Jest Snapshot v1, https://goo.gl/fbAQLP

exports[`should render 1`] = `
<article
  className={undefined}
>
  <hgroup>
    <h1>
      Company Name
    </h1>
  </hgroup>
</article>
`;
