// Jest Snapshot v1, https://goo.gl/fbAQLP

exports[`should render 1`] = `
<div>
  <h2
    className="role__title sc-bdVaJa dMfHKH"
  >
    Company Man
  </h2>
  <p
    className="role__timeline sc-bwzfXH eJKuVq"
  >
    2017
     â€” 
    Present
  </p>
</div>
`;
