// Jest Snapshot v1, https://goo.gl/fbAQLP

exports[`should render 1`] = `
<a
  href="http://www.synbydesign.com"
>
  http://www.synbydesign.com
</a>
`;
