// Jest Snapshot v1, https://goo.gl/fbAQLP

exports[`should render 1`] = `
<button>
  <svg
    className="sc-bdVaJa kxTICB"
    fill="transparent"
    viewBox="-4.75 11.781 10.5 9.5"
  >
    <path
      d="M-1.7,12.148c-1.587,0-2.664,1.455-2.664,3.059
	c0,2.748,2.136,3.881,4.864,5.645c2.729-1.764,4.864-2.896,4.864-5.645c0-1.604-1.077-3.059-2.664-3.059
	c-1.021,0-1.86,0.572-2.2,0.916C0.16,12.721-0.679,12.148-1.7,12.148z"
      strokeMiterlimit="10"
      strokeWidth="0.75"
    />
  </svg>
</button>
`;
